// Jest Snapshot v1, https://goo.gl/fbAQLP

exports[`Reservation should render reservation 1`] = `
<div
  class="v-application v-application--is-ltr theme--light"
  data-app="true"
  id="app"
>
  <div
    class="v-application--wrap"
  >
    <main
      app="true"
      class="v-main"
      classname="mb-5"
      style="padding: 0px 0px 0px 0px;"
    >
      <div
        class="v-main__wrap"
      >
        <div
          class="v-dialog__container"
          role="dialog"
        >
          <button
            class="v-btn v-btn--flat v-btn--icon v-btn--round theme--light v-size--default"
            type="button"
          >
            <span
              class="v-btn__content"
            >
              <i
                aria-hidden="true"
                class="v-icon notranslate mdi mdi-calendar-month theme--light"
              />
            </span>
          </button>
          <!---->
        </div>
        <div
          id="test-contents"
        >
          contents
        </div>
      </div>
    </main>
  </div>
</div>
`;
