// Jest Snapshot v1, https://goo.gl/fbAQLP

exports[`Search should render search 1`] = `
<div
  class="v-application v-application--is-ltr theme--light"
  data-app="true"
  id="app"
>
  <div
    class="v-application--wrap"
  >
    <main
      app="true"
      class="v-content"
      classname="mb-5"
      style="padding: 0px 0px 0px 0px;"
    >
      <div
        class="v-content__wrap"
      >
        <div
          class="v-overlay text-center theme--dark"
          style="z-index: 5;"
        >
          <div
            class="v-overlay__scrim"
            style="opacity: 0; background-color: rgb(33, 33, 33); border-color: #212121;"
          />
        </div>
        <div
          id="test-contents"
        >
          contents
        </div>
      </div>
    </main>
  </div>
</div>
`;
